// Jest Snapshot v1, https://goo.gl/fbAQLP

exports[`<Trajectory /> should render 1`] = `
<Fragment>
  <WithStyles(ForwardRef(Card))
    className="card"
  >
    <WithStyles(ForwardRef(CardContent))>
      <Memo() />
    </WithStyles(ForwardRef(CardContent))>
  </WithStyles(ForwardRef(Card))>
  <WithStyles(ForwardRef(Card))
    className="card"
  >
    <ForwardRef
      className="container"
    />
  </WithStyles(ForwardRef(Card))>
</Fragment>
`;

exports[`<TrajectoryMetadata /> should render 1`] = `<Memo() />`;
